To honour the JVM settings for this build a single-use Daemon process will be forked. For more on this, please refer to https://docs.gradle.org/8.14.3/userguide/gradle_daemon.html#sec:disabling_the_daemon in the Gradle documentation.
Daemon will be stopped at the end of the build 

> Configure project :
Java: 17.0.11, JVM: 17.0.11+9 (Eclipse Adoptium), Arch: amd64

> Task :createArtifactManifest UP-TO-DATE
> Task :createMinecraftArtifacts UP-TO-DATE

> Task :compileJava
./gradlew : D:\minecraft_121_modding\SlashBlade_Resharped\src\main\java\mods\flammpfeil\slashblade\recipe\ProudsoulShap
elessRecipe.java:49: 错误: 方法不会覆盖或实现超类型的方法
所在位置 行:1 字符: 1
+ ./gradlew compileJava 2>&1 > build_error.log; Get-Content build_error ...
+ ~~~~~~~~~~~~~~~~~~~~~~~~~~~~~~~~~~~~~~~~~~~~
    + CategoryInfo          : NotSpecified: (D:\minecraft_12...方法不会覆盖或实现超类型的方法:String) [], RemoteException
    + FullyQualifiedErrorId : NativeCommandError
 
    @Override
    ^
D:\minecraft_121_modding\SlashBlade_Resharped\src\main\java\mods\flammpfeil\slashblade\recipe\SlashBladeShapedRecipe.ja
va:94: 错误: 方法不会覆盖或实现超类型的方法
    @Override
    ^
注: 某些输入文件使用或覆盖了已过时的 API。
注: 有关详细信息, 请使用 -Xlint:deprecation 重新编译。
注: D:\minecraft_121_modding\SlashBlade_Resharped\src\main\java\mods\flammpfeil\slashblade\util\NBTHelper.java使用了未经检查或不安
全的操作。
注: 有关详细信息, 请使用 -Xlint:unchecked 重新编译。
2 个错误

> Task :compileJava FAILED

[Incubating] Problems report is available at: file:///D:/minecraft_121_modding/SlashBlade_Resharped/build/reports/problems/problems-report.html

FAILURE: Build failed with an exception.

* What went wrong:
Execution failed for task ':compileJava'.
> Compilation failed; see the compiler output below.
  D:\minecraft_121_modding\SlashBlade_Resharped\src\main\java\mods\flammpfeil\slashblade\recipe\ProudsoulShapelessRecip
e.java:49: 错误: 方法不会覆盖或实现超类型的方法
      @Override
      ^
  2 个错误

* Try:
> Check your code and dependencies to fix the compilation error(s)
> Run with --scan to get full insights.

Deprecated Gradle features were used in this build, making it incompatible with Gradle 9.0.

You can use '--warning-mode all' to show the individual deprecation warnings and determine if they come from your own scripts or plugins.

For more on this, please refer to https://docs.gradle.org/8.14.3/userguide/command_line_interface.html#sec:command_line_warnings in the Gradle documentation.

BUILD FAILED in 15s
3 actionable tasks: 1 executed, 2 up-to-date
